2025-07-12 21:49:00 | DEBUG | repo=pv243 | action=edit | files=2
2025-02-11 14:45:00 | DEBUG | repo=pv243 | action=commit
2025-05-23 20:51:00 | WARN | repo=pv243 | action=commit
2025-09-20 08:56:00 | INFO | repo=pv243 | action=commit
2025-05-07 16:56:00 | DEBUG | repo=pv243 | action=commit
2025-06-11 15:11:00 | INFO | repo=pv243 | action=commit
2025-02-10 20:25:00 | WARN | repo=pv243 | action=commit
2025-02-20 16:29:00 | DEBUG | repo=pv243 | action=commit
2025-11-02 21:41:00 | DEBUG | repo=pv243 | action=commit
2025-06-12 18:07:00 | WARN | repo=pv243 | action=commit
2025-03-09 08:36:00 | INFO | repo=pv243 | action=commit
2025-12-16 10:18:00 | WARN | repo=pv243 | action=pull
2025-01-06 07:34:00 | INFO | repo=pv243 | action=commit
2025-06-02 12:14:00 | INFO | repo=pv243 | action=commit
2025-06-23 08:33:00 | DEBUG | repo=pv243 | action=commit
2025-07-23 12:07:00 | WARN | repo=pv243 | action=commit
2025-11-12 20:55:00 | INFO | repo=pv243 | action=commit
2025-02-25 19:57:00 | INFO | repo=pv243 | action=commit
2025-08-09 14:51:00 | INFO | repo=pv243 | action=commit
2025-04-28 20:36:00 | INFO | repo=pv243 | action=commit
2025-03-02 09:40:00 | WARN | repo=pv243 | action=commit
2025-05-08 07:59:00 | WARN | repo=pv243 | action=edit | files=3
2025-03-10 19:16:00 | DEBUG | repo=pv243 | action=test | passed=true
2025-08-17 20:08:00 | WARN | repo=pv243 | action=commit
2025-04-17 17:48:00 | WARN | repo=pv243 | action=commit
2025-03-05 07:59:00 | WARN | repo=pv243 | action=commit
2025-10-01 08:36:00 | WARN | repo=pv243 | action=pull
2025-12-07 15:20:00 | DEBUG | repo=pv243 | action=edit | files=1
2025-08-12 10:05:00 | DEBUG | repo=pv243 | action=commit
2025-03-01 12:01:00 | DEBUG | repo=pv243 | action=edit | files=5
2025-01-21 11:59:00 | DEBUG | repo=pv243 | action=commit
